[INFO] Scanning for projects...
[INFO] 
[INFO] ----------------------< org.example:TechNihongo >-----------------------
[INFO] Building TechNihongo 1.0-SNAPSHOT
[INFO]   from pom.xml
[INFO] --------------------------------[ jar ]---------------------------------
Downloading from central: https://repo.maven.apache.org/maven2/org/apache/maven/plugins/maven-surefire-plugin/3.5.3/maven-surefire-plugin-3.5.3.pom
Progress (1): 827 B
Progress (1): 2.1 kB
Progress (1): 5.1 kB
Progress (1): 5.5 kB
                    
Downloaded from central: https://repo.maven.apache.org/maven2/org/apache/maven/plugins/maven-surefire-plugin/3.5.3/maven-surefire-plugin-3.5.3.pom (5.5 kB at 6.8 kB/s)
Downloading from central: https://repo.maven.apache.org/maven2/org/apache/maven/surefire/surefire/3.5.3/surefire-3.5.3.pom
Progress (1): 789 B
Progress (1): 1.8 kB
Progress (1): 3.6 kB
Progress (1): 5.8 kB
Progress (1): 8.7 kB
Progress (1): 12 kB 
Progress (1): 14 kB
Progress (1): 16 kB
Progress (1): 18 kB
Progress (1): 20 kB
                   
Downloaded from central: https://repo.maven.apache.org/maven2/org/apache/maven/surefire/surefire/3.5.3/surefire-3.5.3.pom (20 kB at 86 kB/s)
Downloading from central: https://repo.maven.apache.org/maven2/org/apache/maven/maven-parent/44/maven-parent-44.pom
Progress (1): 708 B
Progress (1): 1.6 kB
Progress (1): 4.4 kB
Progress (1): 8.4 kB
Progress (1): 12 kB 
Progress (1): 16 kB
Progress (1): 21 kB
Progress (1): 23 kB
Progress (1): 27 kB
Progress (1): 28 kB
Progress (1): 31 kB
Progress (1): 35 kB
Progress (1): 38 kB
Progress (1): 40 kB
Progress (1): 43 kB
Progress (1): 46 kB
Progress (1): 50 kB
Progress (1): 52 kB
                   
Downloaded from central: https://repo.maven.apache.org/maven2/org/apache/maven/maven-parent/44/maven-parent-44.pom (52 kB at 172 kB/s)
Downloading from central: https://repo.maven.apache.org/maven2/org/apache/apache/34/apache-34.pom
Progress (1): 737 B
Progress (1): 1.6 kB
Progress (1): 3.4 kB
Progress (1): 5.1 kB
Progress (1): 7.2 kB
Progress (1): 12 kB 
Progress (1): 17 kB
Progress (1): 19 kB
Progress (1): 22 kB
Progress (1): 24 kB
                   
Downloaded from central: https://repo.maven.apache.org/maven2/org/apache/apache/34/apache-34.pom (24 kB at 97 kB/s)
Downloading from central: https://repo.maven.apache.org/maven2/org/junit/junit-bom/5.12.1/junit-bom-5.12.1.pom
Progress (1): 908 B
Progress (1): 2.2 kB
Progress (1): 5.6 kB
                    
Downloaded from central: https://repo.maven.apache.org/maven2/org/junit/junit-bom/5.12.1/junit-bom-5.12.1.pom (5.6 kB at 27 kB/s)
[INFO] 
[INFO] --- clean:3.4.1:clean (default-clean) @ TechNihongo ---
[INFO] Deleting C:\Users\nam.dh\Code\Back-end\target
[INFO] 
[INFO] --- resources:3.3.1:resources (default-resources) @ TechNihongo ---
[INFO] Copying 2 resources from src\main\resources to target\classes
[INFO] Copying 0 resource from src\main\resources to target\classes
[INFO] 
[INFO] --- compiler:3.14.0:compile (default-compile) @ TechNihongo ---
[INFO] Recompiling the module because of changed source code.
[INFO] Compiling 382 source files with javac [debug parameters release 17] to target\classes
[INFO] Annotation processing is enabled because one or more processors were found
  on the class path. A future release of javac may disable annotation processing
  unless at least one processor is specified by name (-processor), or a search
  path is specified (--processor-path, --processor-module-path), or annotation
  processing is enabled explicitly (-proc:only, -proc:full).
  Use -Xlint:-options to suppress this message.
  Use -proc:none to disable annotation processing.
[WARNING] /C:/Users/nam.dh/Code/Back-end/src/main/java/org/example/technihongo/entities/Quiz.java:[49,21] @Builder will ignore the initializing expression entirely. If you want the initializing expression to serve as default, add @Builder.Default. If it is not supposed to be settable during building, make the field final.
[WARNING] /C:/Users/nam.dh/Code/Back-end/src/main/java/org/example/technihongo/entities/Quiz.java:[52,21] @Builder will ignore the initializing expression entirely. If you want the initializing expression to serve as default, add @Builder.Default. If it is not supposed to be settable during building, make the field final.
[WARNING] /C:/Users/nam.dh/Code/Back-end/src/main/java/org/example/technihongo/entities/StudentLessonProgress.java:[34,24] @Builder will ignore the initializing expression entirely. If you want the initializing expression to serve as default, add @Builder.Default. If it is not supposed to be settable during building, make the field final.
[WARNING] /C:/Users/nam.dh/Code/Back-end/src/main/java/org/example/technihongo/entities/StudentLessonProgress.java:[41,21] @Builder will ignore the initializing expression entirely. If you want the initializing expression to serve as default, add @Builder.Default. If it is not supposed to be settable during building, make the field final.
[WARNING] /C:/Users/nam.dh/Code/Back-end/src/main/java/org/example/technihongo/entities/SystemFlashcardSet.java:[53,21] @Builder will ignore the initializing expression entirely. If you want the initializing expression to serve as default, add @Builder.Default. If it is not supposed to be settable during building, make the field final.
[WARNING] /C:/Users/nam.dh/Code/Back-end/src/main/java/org/example/technihongo/entities/SystemFlashcardSet.java:[65,28] @Builder will ignore the initializing expression entirely. If you want the initializing expression to serve as default, add @Builder.Default. If it is not supposed to be settable during building, make the field final.
[WARNING] /C:/Users/nam.dh/Code/Back-end/src/main/java/org/example/technihongo/entities/SystemFlashcardSet.java:[69,46] @Builder will ignore the initializing expression entirely. If you want the initializing expression to serve as default, add @Builder.Default. If it is not supposed to be settable during building, make the field final.
[WARNING] /C:/Users/nam.dh/Code/Back-end/src/main/java/org/example/technihongo/entities/Student.java:[35,21] @Builder will ignore the initializing expression entirely. If you want the initializing expression to serve as default, add @Builder.Default. If it is not supposed to be settable during building, make the field final.
[WARNING] /C:/Users/nam.dh/Code/Back-end/src/main/java/org/example/technihongo/entities/Student.java:[42,21] @Builder will ignore the initializing expression entirely. If you want the initializing expression to serve as default, add @Builder.Default. If it is not supposed to be settable during building, make the field final.
[WARNING] /C:/Users/nam.dh/Code/Back-end/src/main/java/org/example/technihongo/entities/Student.java:[48,21] @Builder will ignore the initializing expression entirely. If you want the initializing expression to serve as default, add @Builder.Default. If it is not supposed to be settable during building, make the field final.
[WARNING] /C:/Users/nam.dh/Code/Back-end/src/main/java/org/example/technihongo/entities/StudentLearningStatistics.java:[29,21] @Builder will ignore the initializing expression entirely. If you want the initializing expression to serve as default, add @Builder.Default. If it is not supposed to be settable during building, make the field final.
[WARNING] /C:/Users/nam.dh/Code/Back-end/src/main/java/org/example/technihongo/entities/StudentLearningStatistics.java:[32,21] @Builder will ignore the initializing expression entirely. If you want the initializing expression to serve as default, add @Builder.Default. If it is not supposed to be settable during building, make the field final.
[WARNING] /C:/Users/nam.dh/Code/Back-end/src/main/java/org/example/technihongo/entities/StudentLearningStatistics.java:[35,21] @Builder will ignore the initializing expression entirely. If you want the initializing expression to serve as default, add @Builder.Default. If it is not supposed to be settable during building, make the field final.
[WARNING] /C:/Users/nam.dh/Code/Back-end/src/main/java/org/example/technihongo/entities/StudentLearningStatistics.java:[38,21] @Builder will ignore the initializing expression entirely. If you want the initializing expression to serve as default, add @Builder.Default. If it is not supposed to be settable during building, make the field final.
[WARNING] /C:/Users/nam.dh/Code/Back-end/src/main/java/org/example/technihongo/entities/StudentLearningStatistics.java:[41,21] @Builder will ignore the initializing expression entirely. If you want the initializing expression to serve as default, add @Builder.Default. If it is not supposed to be settable during building, make the field final.
[WARNING] /C:/Users/nam.dh/Code/Back-end/src/main/java/org/example/technihongo/entities/StudentLearningStatistics.java:[44,21] @Builder will ignore the initializing expression entirely. If you want the initializing expression to serve as default, add @Builder.Default. If it is not supposed to be settable during building, make the field final.
[WARNING] /C:/Users/nam.dh/Code/Back-end/src/main/java/org/example/technihongo/entities/StudentLearningStatistics.java:[47,21] @Builder will ignore the initializing expression entirely. If you want the initializing expression to serve as default, add @Builder.Default. If it is not supposed to be settable during building, make the field final.
[WARNING] /C:/Users/nam.dh/Code/Back-end/src/main/java/org/example/technihongo/entities/StudentFlashcardSet.java:[53,21] @Builder will ignore the initializing expression entirely. If you want the initializing expression to serve as default, add @Builder.Default. If it is not supposed to be settable during building, make the field final.
[WARNING] /C:/Users/nam.dh/Code/Back-end/src/main/java/org/example/technihongo/entities/StudentFlashcardSet.java:[56,21] @Builder will ignore the initializing expression entirely. If you want the initializing expression to serve as default, add @Builder.Default. If it is not supposed to be settable during building, make the field final.
[WARNING] /C:/Users/nam.dh/Code/Back-end/src/main/java/org/example/technihongo/entities/StudentFlashcardSet.java:[68,28] @Builder will ignore the initializing expression entirely. If you want the initializing expression to serve as default, add @Builder.Default. If it is not supposed to be settable during building, make the field final.
[WARNING] /C:/Users/nam.dh/Code/Back-end/src/main/java/org/example/technihongo/entities/StudentFlashcardSet.java:[72,46] @Builder will ignore the initializing expression entirely. If you want the initializing expression to serve as default, add @Builder.Default. If it is not supposed to be settable during building, make the field final.
[WARNING] /C:/Users/nam.dh/Code/Back-end/src/main/java/org/example/technihongo/entities/LessonResource.java:[49,21] @Builder will ignore the initializing expression entirely. If you want the initializing expression to serve as default, add @Builder.Default. If it is not supposed to be settable during building, make the field final.
[WARNING] /C:/Users/nam.dh/Code/Back-end/src/main/java/org/example/technihongo/entities/StudentFlashcardProgress.java:[40,21] @Builder will ignore the initializing expression entirely. If you want the initializing expression to serve as default, add @Builder.Default. If it is not supposed to be settable during building, make the field final.
[WARNING] /C:/Users/nam.dh/Code/Back-end/src/main/java/org/example/technihongo/entities/StudentAchievementProgress.java:[33,21] @Builder will ignore the initializing expression entirely. If you want the initializing expression to serve as default, add @Builder.Default. If it is not supposed to be settable during building, make the field final.
[WARNING] /C:/Users/nam.dh/Code/Back-end/src/main/java/org/example/technihongo/entities/StudentCourseRating.java:[39,21] @Builder will ignore the initializing expression entirely. If you want the initializing expression to serve as default, add @Builder.Default. If it is not supposed to be settable during building, make the field final.
[WARNING] /C:/Users/nam.dh/Code/Back-end/src/main/java/org/example/technihongo/entities/StudentFolder.java:[34,21] @Builder will ignore the initializing expression entirely. If you want the initializing expression to serve as default, add @Builder.Default. If it is not supposed to be settable during building, make the field final.
[WARNING] /C:/Users/nam.dh/Code/Back-end/src/main/java/org/example/technihongo/core/security/SecurityConfig.java:[33,17] authorizeRequests(org.springframework.security.config.Customizer<org.springframework.security.config.annotation.web.configurers.ExpressionUrlAuthorizationConfigurer<org.springframework.security.config.annotation.web.builders.HttpSecurity>.ExpressionInterceptUrlRegistry>) in org.springframework.security.config.annotation.web.builders.HttpSecurity has been deprecated and marked for removal
[INFO] /C:/Users/nam.dh/Code/Back-end/src/main/java/org/example/technihongo/core/security/JwtUtil.java: Some input files use or override a deprecated API.
[INFO] /C:/Users/nam.dh/Code/Back-end/src/main/java/org/example/technihongo/core/security/JwtUtil.java: Recompile with -Xlint:deprecation for details.
[INFO] 
[INFO] --- resources:3.3.1:testResources (default-testResources) @ TechNihongo ---
[INFO] skip non existing resourceDirectory C:\Users\nam.dh\Code\Back-end\src\test\resources
[INFO] 
[INFO] --- compiler:3.14.0:testCompile (default-testCompile) @ TechNihongo ---
[INFO] Recompiling the module because of changed dependency.
[INFO] Compiling 1 source file with javac [debug parameters release 17] to target\test-classes
[INFO] Annotation processing is enabled because one or more processors were found
  on the class path. A future release of javac may disable annotation processing
  unless at least one processor is specified by name (-processor), or a search
  path is specified (--processor-path, --processor-module-path), or annotation
  processing is enabled explicitly (-proc:only, -proc:full).
  Use -Xlint:-options to suppress this message.
  Use -proc:none to disable annotation processing.
[INFO] 
[INFO] --- surefire:3.5.3:test (default-test) @ TechNihongo ---
Downloading from central: https://repo.maven.apache.org/maven2/org/apache/maven/surefire/surefire-api/3.5.3/surefire-api-3.5.3.pom
Progress (1): 833 B
Progress (1): 2.1 kB
Progress (1): 3.7 kB
                    
Downloaded from central: https://repo.maven.apache.org/maven2/org/apache/maven/surefire/surefire-api/3.5.3/surefire-api-3.5.3.pom (3.7 kB at 6.9 kB/s)
Downloading from central: https://repo.maven.apache.org/maven2/org/apache/maven/surefire/surefire-logger-api/3.5.3/surefire-logger-api-3.5.3.pom
Progress (1): 826 B
Progress (1): 1.7 kB
Progress (1): 3.5 kB
                    
Downloaded from central: https://repo.maven.apache.org/maven2/org/apache/maven/surefire/surefire-logger-api/3.5.3/surefire-logger-api-3.5.3.pom (3.5 kB at 2.9 kB/s)
Downloading from central: https://repo.maven.apache.org/maven2/org/apache/maven/surefire/surefire-shared-utils/3.5.3/surefire-shared-utils-3.5.3.pom
Progress (1): 1.1 kB
Progress (1): 3.6 kB
Progress (1): 4.0 kB
                    
Downloaded from central: https://repo.maven.apache.org/maven2/org/apache/maven/surefire/surefire-shared-utils/3.5.3/surefire-shared-utils-3.5.3.pom (4.0 kB at 26 kB/s)
Downloading from central: https://repo.maven.apache.org/maven2/org/apache/maven/surefire/surefire-extensions-api/3.5.3/surefire-extensions-api-3.5.3.pom
Progress (1): 833 B
Progress (1): 2.5 kB
Progress (1): 3.6 kB
                    
Downloaded from central: https://repo.maven.apache.org/maven2/org/apache/maven/surefire/surefire-extensions-api/3.5.3/surefire-extensions-api-3.5.3.pom (3.6 kB at 39 kB/s)
Downloading from central: https://repo.maven.apache.org/maven2/org/apache/maven/surefire/maven-surefire-common/3.5.3/maven-surefire-common-3.5.3.pom
Progress (1): 822 B
Progress (1): 2.8 kB
Progress (1): 6.8 kB
Progress (1): 7.8 kB
                    
Downloaded from central: https://repo.maven.apache.org/maven2/org/apache/maven/surefire/maven-surefire-common/3.5.3/maven-surefire-common-3.5.3.pom (7.8 kB at 34 kB/s)
Downloading from central: https://repo.maven.apache.org/maven2/org/apache/maven/surefire/surefire-booter/3.5.3/surefire-booter-3.5.3.pom
Progress (1): 827 B
Progress (1): 2.3 kB
Progress (1): 5.0 kB
                    
Downloaded from central: https://repo.maven.apache.org/maven2/org/apache/maven/surefire/surefire-booter/3.5.3/surefire-booter-3.5.3.pom (5.0 kB at 30 kB/s)
Downloading from central: https://repo.maven.apache.org/maven2/org/apache/maven/surefire/surefire-extensions-spi/3.5.3/surefire-extensions-spi-3.5.3.pom
Progress (1): 873 B
Progress (1): 1.7 kB
                    
Downloaded from central: https://repo.maven.apache.org/maven2/org/apache/maven/surefire/surefire-extensions-spi/3.5.3/surefire-extensions-spi-3.5.3.pom (1.7 kB at 8.7 kB/s)
Downloading from central: https://repo.maven.apache.org/maven2/org/apache/maven/resolver/maven-resolver-util/1.4.1/maven-resolver-util-1.4.1.pom
Progress (1): 825 B
Progress (1): 2.8 kB
Progress (1): 2.8 kB
                    
Downloaded from central: https://repo.maven.apache.org/maven2/org/apache/maven/resolver/maven-resolver-util/1.4.1/maven-resolver-util-1.4.1.pom (2.8 kB at 9.9 kB/s)
Downloading from central: https://repo.maven.apache.org/maven2/org/apache/maven/resolver/maven-resolver/1.4.1/maven-resolver-1.4.1.pom
Progress (1): 774 B
Progress (1): 2.2 kB
Progress (1): 6.0 kB
Progress (1): 9.6 kB
Progress (1): 13 kB 
Progress (1): 16 kB
Progress (1): 18 kB
                   
Downloaded from central: https://repo.maven.apache.org/maven2/org/apache/maven/resolver/maven-resolver/1.4.1/maven-resolver-1.4.1.pom (18 kB at 162 kB/s)
Downloading from central: https://repo.maven.apache.org/maven2/org/apache/maven/resolver/maven-resolver-api/1.4.1/maven-resolver-api-1.4.1.pom
Progress (1): 843 B
Progress (1): 2.6 kB
Progress (1): 2.6 kB
                    
Downloaded from central: https://repo.maven.apache.org/maven2/org/apache/maven/resolver/maven-resolver-api/1.4.1/maven-resolver-api-1.4.1.pom (2.6 kB at 24 kB/s)
Downloading from central: https://repo.maven.apache.org/maven2/org/apache/maven/shared/maven-common-artifact-filters/3.4.0/maven-common-artifact-filters-3.4.0.pom
Progress (1): 798 B
Progress (1): 2.3 kB
Progress (1): 5.4 kB
Progress (1): 5.4 kB
                    
Downloaded from central: https://repo.maven.apache.org/maven2/org/apache/maven/shared/maven-common-artifact-filters/3.4.0/maven-common-artifact-filters-3.4.0.pom (5.4 kB at 40 kB/s)
Downloading from central: https://repo.maven.apache.org/maven2/org/apache/maven/shared/maven-shared-components/42/maven-shared-components-42.pom
Progress (1): 811 B
Progress (1): 2.3 kB
Progress (1): 3.8 kB
                    
Downloaded from central: https://repo.maven.apache.org/maven2/org/apache/maven/shared/maven-shared-components/42/maven-shared-components-42.pom (3.8 kB at 19 kB/s)
Downloading from central: https://repo.maven.apache.org/maven2/org/apache/maven/maven-parent/42/maven-parent-42.pom
Progress (1): 805 B
Progress (1): 2.1 kB
Progress (1): 5.4 kB
Progress (1): 9.6 kB
Progress (1): 14 kB 
Progress (1): 19 kB
Progress (1): 23 kB
Progress (1): 25 kB
Progress (1): 27 kB
Progress (1): 29 kB
Progress (1): 31 kB
Progress (1): 35 kB
Progress (1): 38 kB
Progress (1): 41 kB
Progress (1): 44 kB
Progress (1): 48 kB
Progress (1): 50 kB
Progress (1): 50 kB
                   
Downloaded from central: https://repo.maven.apache.org/maven2/org/apache/maven/maven-parent/42/maven-parent-42.pom (50 kB at 435 kB/s)
Downloading from central: https://repo.maven.apache.org/maven2/org/apache/apache/32/apache-32.pom
Progress (1): 733 B
Progress (1): 2.0 kB
Progress (1): 4.0 kB
Progress (1): 5.9 kB
Progress (1): 10 kB 
Progress (1): 16 kB
Progress (1): 19 kB
Progress (1): 20 kB
Progress (1): 23 kB
Progress (1): 24 kB
                   
Downloaded from central: https://repo.maven.apache.org/maven2/org/apache/apache/32/apache-32.pom (24 kB at 242 kB/s)
Downloading from central: https://repo.maven.apache.org/maven2/org/apache/maven/surefire/surefire-api/3.5.3/surefire-api-3.5.3.jar
Downloading from central: https://repo.maven.apache.org/maven2/org/apache/maven/surefire/surefire-logger-api/3.5.3/surefire-logger-api-3.5.3.jar
Downloading from central: https://repo.maven.apache.org/maven2/org/apache/maven/surefire/surefire-extensions-api/3.5.3/surefire-extensions-api-3.5.3.jar
Downloading from central: https://repo.maven.apache.org/maven2/org/apache/maven/surefire/maven-surefire-common/3.5.3/maven-surefire-common-3.5.3.jar
Downloading from central: https://repo.maven.apache.org/maven2/org/apache/maven/surefire/surefire-shared-utils/3.5.3/surefire-shared-utils-3.5.3.jar
Progress (1): 3.8/312 kB
Progress (1): 7.5/312 kB
Progress (1): 12/312 kB 
Progress (1): 16/312 kB
Progress (1): 20/312 kB
Progress (1): 24/312 kB
Progress (1): 29/312 kB
Progress (1): 33/312 kB
Progress (1): 37/312 kB
Progress (1): 41/312 kB
Progress (1): 46/312 kB
Progress (1): 50/312 kB
Progress (1): 54/312 kB
Progress (1): 58/312 kB
Progress (1): 62/312 kB
Progress (1): 65/312 kB
Progress (1): 69/312 kB
Progress (1): 73/312 kB
Progress (1): 77/312 kB
Progress (1): 82/312 kB
Progress (1): 86/312 kB
Progress (1): 102/312 kB
Progress (1): 119/312 kB
Progress (1): 130/312 kB
Progress (2): 130/312 kB | 0/2.9 MB
Progress (3): 130/312 kB | 0/2.9 MB | 0.9/14 kB
Progress (3): 147/312 kB | 0/2.9 MB | 0.9/14 kB
Progress (3): 147/312 kB | 0/2.9 MB | 0.9/14 kB
Progress (3): 147/312 kB | 0/2.9 MB | 2.3/14 kB
Progress (3): 147/312 kB | 0/2.9 MB | 2.3/14 kB
Progress (3): 147/312 kB | 0/2.9 MB | 3.6/14 kB
Progress (3): 147/312 kB | 0/2.9 MB | 3.6/14 kB
Progress (3): 147/312 kB | 0/2.9 MB | 5.0/14 kB
Progress (3): 147/312 kB | 0/2.9 MB | 5.0/14 kB
Progress (3): 147/312 kB | 0/2.9 MB | 5.0/14 kB
Progress (3): 147/312 kB | 0/2.9 MB | 5.0/14 kB
Progress (3): 147/312 kB | 0/2.9 MB | 6.4/14 kB
Progress (3): 147/312 kB | 0/2.9 MB | 6.4/14 kB
Progress (3): 147/312 kB | 0/2.9 MB | 6.4/14 kB
Progress (3): 147/312 kB | 0/2.9 MB | 7.7/14 kB
Progress (3): 147/312 kB | 0/2.9 MB | 9.1/14 kB
Progress (3): 147/312 kB | 0/2.9 MB | 10/14 kB 
Progress (3): 147/312 kB | 0/2.9 MB | 10/14 kB
Progress (3): 147/312 kB | 0/2.9 MB | 10/14 kB
Progress (3): 147/312 kB | 0/2.9 MB | 12/14 kB
Progress (3): 147/312 kB | 0/2.9 MB | 13/14 kB
Progress (3): 147/312 kB | 0/2.9 MB | 14 kB   
Progress (3): 147/312 kB | 0/2.9 MB | 14 kB
Progress (3): 147/312 kB | 0/2.9 MB | 14 kB
Progress (3): 147/312 kB | 0/2.9 MB | 14 kB
Progress (3): 147/312 kB | 0/2.9 MB | 14 kB
Progress (3): 163/312 kB | 0/2.9 MB | 14 kB
Progress (3): 163/312 kB | 0/2.9 MB | 14 kB
Progress (3): 163/312 kB | 0/2.9 MB | 14 kB
Progress (3): 163/312 kB | 0/2.9 MB | 14 kB
Progress (3): 179/312 kB | 0/2.9 MB | 14 kB
Progress (3): 179/312 kB | 0/2.9 MB | 14 kB
Progress (3): 179/312 kB | 0/2.9 MB | 14 kB
Progress (3): 179/312 kB | 0/2.9 MB | 14 kB
Progress (3): 196/312 kB | 0/2.9 MB | 14 kB
Progress (3): 196/312 kB | 0/2.9 MB | 14 kB
Progress (3): 196/312 kB | 0/2.9 MB | 14 kB
Progress (3): 196/312 kB | 0/2.9 MB | 14 kB
                                           
Downloaded from central: https://repo.maven.apache.org/maven2/org/apache/maven/surefire/surefire-logger-api/3.5.3/surefire-logger-api-3.5.3.jar (14 kB at 48 kB/s)
Downloading from central: https://repo.maven.apache.org/maven2/org/apache/maven/surefire/surefire-booter/3.5.3/surefire-booter-3.5.3.jar
Progress (2): 196/312 kB | 0/2.9 MB
Progress (2): 196/312 kB | 0/2.9 MB
Progress (2): 196/312 kB | 0/2.9 MB
Progress (2): 196/312 kB | 0/2.9 MB
Progress (3): 196/312 kB | 0/2.9 MB | 0.9/172 kB
Progress (3): 196/312 kB | 0/2.9 MB | 0.9/172 kB
Progress (3): 196/312 kB | 0/2.9 MB | 2.3/172 kB
Progress (3): 196/312 kB | 0/2.9 MB | 2.3/172 kB
Progress (3): 196/312 kB | 0/2.9 MB | 2.3/172 kB
Progress (3): 196/312 kB | 0/2.9 MB | 2.3/172 kB
Progress (3): 196/312 kB | 0/2.9 MB | 2.3/172 kB
Progress (3): 196/312 kB | 0/2.9 MB | 2.3/172 kB
Progress (3): 196/312 kB | 0/2.9 MB | 2.3/172 kB
Progress (3): 196/312 kB | 0/2.9 MB | 2.3/172 kB
Progress (3): 196/312 kB | 0/2.9 MB | 2.3/172 kB
Progress (3): 196/312 kB | 0.1/2.9 MB | 2.3/172 kB
Progress (3): 196/312 kB | 0.1/2.9 MB | 2.3/172 kB
Progress (3): 196/312 kB | 0.1/2.9 MB | 2.3/172 kB
Progress (3): 196/312 kB | 0.1/2.9 MB | 2.3/172 kB
Progress (3): 196/312 kB | 0.1/2.9 MB | 2.3/172 kB
Progress (3): 196/312 kB | 0.1/2.9 MB | 2.3/172 kB
Progress (3): 196/312 kB | 0.1/2.9 MB | 3.6/172 kB
Progress (3): 196/312 kB | 0.1/2.9 MB | 5.0/172 kB
Progress (3): 196/312 kB | 0.1/2.9 MB | 6.4/172 kB
Progress (3): 196/312 kB | 0.1/2.9 MB | 7.7/172 kB
Progress (3): 196/312 kB | 0.1/2.9 MB | 9.1/172 kB
Progress (3): 196/312 kB | 0.1/2.9 MB | 10/172 kB 
Progress (3): 196/312 kB | 0.1/2.9 MB | 12/172 kB
Progress (3): 196/312 kB | 0.1/2.9 MB | 12/172 kB
Progress (3): 196/312 kB | 0.1/2.9 MB | 14/172 kB
Progress (3): 196/312 kB | 0.1/2.9 MB | 15/172 kB
Progress (3): 196/312 kB | 0.1/2.9 MB | 16/172 kB
Progress (3): 196/312 kB | 0.1/2.9 MB | 18/172 kB
Progress (3): 196/312 kB | 0.1/2.9 MB | 19/172 kB
Progress (3): 196/312 kB | 0.1/2.9 MB | 21/172 kB
Progress (3): 196/312 kB | 0.1/2.9 MB | 22/172 kB
Progress (3): 196/312 kB | 0.1/2.9 MB | 23/172 kB
Progress (3): 196/312 kB | 0.1/2.9 MB | 25/172 kB
Progress (3): 196/312 kB | 0.1/2.9 MB | 26/172 kB
Progress (3): 196/312 kB | 0.1/2.9 MB | 27/172 kB
Progress (3): 196/312 kB | 0.1/2.9 MB | 29/172 kB
Progress (3): 196/312 kB | 0.1/2.9 MB | 30/172 kB
Progress (4): 196/312 kB | 0.1/2.9 MB | 30/172 kB | 0.9/26 kB
Progress (4): 196/312 kB | 0.1/2.9 MB | 31/172 kB | 0.9/26 kB
Progress (4): 196/312 kB | 0.1/2.9 MB | 31/172 kB | 2.3/26 kB
Progress (4): 196/312 kB | 0.1/2.9 MB | 33/172 kB | 2.3/26 kB
Progress (4): 196/312 kB | 0.1/2.9 MB | 33/172 kB | 3.6/26 kB
Progress (4): 196/312 kB | 0.1/2.9 MB | 34/172 kB | 3.6/26 kB
Progress (4): 196/312 kB | 0.1/2.9 MB | 36/172 kB | 3.6/26 kB
Progress (4): 196/312 kB | 0.1/2.9 MB | 36/172 kB | 5.0/26 kB
Progress (4): 196/312 kB | 0.1/2.9 MB | 37/172 kB | 5.0/26 kB
Progress (4): 196/312 kB | 0.1/2.9 MB | 37/172 kB | 6.4/26 kB
Progress (4): 196/312 kB | 0.1/2.9 MB | 37/172 kB | 7.7/26 kB
Progress (4): 196/312 kB | 0.1/2.9 MB | 38/172 kB | 7.7/26 kB
Progress (4): 196/312 kB | 0.1/2.9 MB | 38/172 kB | 8.2/26 kB
Progress (4): 196/312 kB | 0.1/2.9 MB | 40/172 kB | 8.2/26 kB
Progress (4): 196/312 kB | 0.1/2.9 MB | 41/172 kB | 8.2/26 kB
Progress (4): 196/312 kB | 0.1/2.9 MB | 41/172 kB | 9.6/26 kB
Progress (4): 196/312 kB | 0.1/2.9 MB | 42/172 kB | 9.6/26 kB
Progress (4): 196/312 kB | 0.1/2.9 MB | 42/172 kB | 11/26 kB 
Progress (4): 196/312 kB | 0.1/2.9 MB | 44/172 kB | 11/26 kB
Progress (4): 196/312 kB | 0.1/2.9 MB | 44/172 kB | 12/26 kB
Progress (4): 196/312 kB | 0.1/2.9 MB | 45/172 kB | 12/26 kB
Progress (4): 196/312 kB | 0.1/2.9 MB | 45/172 kB | 14/26 kB
Progress (4): 196/312 kB | 0.1/2.9 MB | 47/172 kB | 14/26 kB
Progress (4): 196/312 kB | 0.1/2.9 MB | 47/172 kB | 15/26 kB
Progress (4): 196/312 kB | 0.1/2.9 MB | 48/172 kB | 15/26 kB
Progress (4): 196/312 kB | 0.1/2.9 MB | 48/172 kB | 16/26 kB
Progress (4): 196/312 kB | 0.1/2.9 MB | 49/172 kB | 16/26 kB
Progress (4): 196/312 kB | 0.1/2.9 MB | 49/172 kB | 18/26 kB
Progress (4): 196/312 kB | 0.1/2.9 MB | 51/172 kB | 18/26 kB
Progress (4): 196/312 kB | 0.1/2.9 MB | 51/172 kB | 19/26 kB
Progress (4): 196/312 kB | 0.1/2.9 MB | 52/172 kB | 19/26 kB
Progress (4): 196/312 kB | 0.1/2.9 MB | 52/172 kB | 21/26 kB
Progress (4): 196/312 kB | 0.1/2.9 MB | 53/172 kB | 21/26 kB
Progress (4): 196/312 kB | 0.1/2.9 MB | 53/172 kB | 22/26 kB
Progress (4): 196/312 kB | 0.1/2.9 MB | 55/172 kB | 22/26 kB
Progress (4): 196/312 kB | 0.1/2.9 MB | 55/172 kB | 23/26 kB
Progress (4): 196/312 kB | 0.1/2.9 MB | 55/172 kB | 25/26 kB
Progress (4): 196/312 kB | 0.1/2.9 MB | 59/172 kB | 25/26 kB
Progress (4): 196/312 kB | 0.1/2.9 MB | 59/172 kB | 26 kB   
                                                         
Downloaded from central: https://repo.maven.apache.org/maven2/org/apache/maven/surefire/surefire-extensions-api/3.5.3/surefire-extensions-api-3.5.3.jar (26 kB at 87 kB/s)
Downloading from central: https://repo.maven.apache.org/maven2/org/apache/maven/surefire/surefire-extensions-spi/3.5.3/surefire-extensions-spi-3.5.3.jar
Progress (3): 196/312 kB | 0.1/2.9 MB | 59/172 kB
Progress (3): 212/312 kB | 0.1/2.9 MB | 59/172 kB
Progress (3): 212/312 kB | 0.1/2.9 MB | 59/172 kB
Progress (3): 212/312 kB | 0.1/2.9 MB | 59/172 kB
Progress (3): 229/312 kB | 0.1/2.9 MB | 59/172 kB
Progress (3): 229/312 kB | 0.1/2.9 MB | 59/172 kB
Progress (3): 245/312 kB | 0.1/2.9 MB | 59/172 kB
Progress (3): 245/312 kB | 0.1/2.9 MB | 59/172 kB
Progress (3): 245/312 kB | 0.1/2.9 MB | 59/172 kB
Progress (3): 261/312 kB | 0.1/2.9 MB | 59/172 kB
Progress (3): 261/312 kB | 0.1/2.9 MB | 59/172 kB
Progress (3): 261/312 kB | 0.1/2.9 MB | 59/172 kB
Progress (3): 261/312 kB | 0.1/2.9 MB | 63/172 kB
Progress (3): 261/312 kB | 0.1/2.9 MB | 63/172 kB
Progress (3): 261/312 kB | 0.1/2.9 MB | 67/172 kB
Progress (3): 261/312 kB | 0.1/2.9 MB | 67/172 kB
Progress (3): 261/312 kB | 0.1/2.9 MB | 72/172 kB
Progress (3): 261/312 kB | 0.1/2.9 MB | 72/172 kB
Progress (3): 278/312 kB | 0.1/2.9 MB | 72/172 kB
Progress (3): 278/312 kB | 0.1/2.9 MB | 76/172 kB
Progress (3): 278/312 kB | 0.1/2.9 MB | 76/172 kB
Progress (3): 278/312 kB | 0.1/2.9 MB | 80/172 kB
Progress (3): 278/312 kB | 0.1/2.9 MB | 80/172 kB
Progress (3): 278/312 kB | 0.1/2.9 MB | 84/172 kB
Progress (3): 294/312 kB | 0.1/2.9 MB | 84/172 kB
Progress (3): 294/312 kB | 0.1/2.9 MB | 84/172 kB
Progress (3): 294/312 kB | 0.1/2.9 MB | 89/172 kB
Progress (3): 294/312 kB | 0.1/2.9 MB | 93/172 kB
Progress (3): 294/312 kB | 0.1/2.9 MB | 93/172 kB
Progress (3): 294/312 kB | 0.1/2.9 MB | 97/172 kB
Progress (3): 294/312 kB | 0.1/2.9 MB | 101/172 kB
Progress (3): 311/312 kB | 0.1/2.9 MB | 101/172 kB
Progress (3): 311/312 kB | 0.1/2.9 MB | 105/172 kB
Progress (3): 312 kB | 0.1/2.9 MB | 105/172 kB    
Progress (3): 312 kB | 0.1/2.9 MB | 110/172 kB
                                              
Downloaded from central: https://repo.maven.apache.org/maven2/org/apache/maven/surefire/maven-surefire-common/3.5.3/maven-surefire-common-3.5.3.jar (312 kB at 545 kB/s)
Downloading from central: https://repo.maven.apache.org/maven2/org/apache/maven/resolver/maven-resolver-util/1.4.1/maven-resolver-util-1.4.1.jar
Progress (2): 0.1/2.9 MB | 114/172 kB
Progress (2): 0.1/2.9 MB | 118/172 kB
Progress (3): 0.1/2.9 MB | 118/172 kB | 0.9/118 kB
Progress (3): 0.1/2.9 MB | 118/172 kB | 2.3/118 kB
Progress (3): 0.1/2.9 MB | 118/172 kB | 3.6/118 kB
Progress (3): 0.1/2.9 MB | 118/172 kB | 5.0/118 kB
Progress (3): 0.1/2.9 MB | 118/172 kB | 6.4/118 kB
Progress (3): 0.1/2.9 MB | 118/172 kB | 7.7/118 kB
Progress (3): 0.1/2.9 MB | 118/172 kB | 9.1/118 kB
Progress (3): 0.1/2.9 MB | 118/172 kB | 10/118 kB 
Progress (3): 0.1/2.9 MB | 118/172 kB | 12/118 kB
Progress (3): 0.1/2.9 MB | 118/172 kB | 13/118 kB
Progress (3): 0.1/2.9 MB | 118/172 kB | 15/118 kB
Progress (3): 0.1/2.9 MB | 118/172 kB | 16/118 kB
Progress (3): 0.1/2.9 MB | 118/172 kB | 17/118 kB
Progress (3): 0.1/2.9 MB | 118/172 kB | 19/118 kB
Progress (3): 0.1/2.9 MB | 118/172 kB | 20/118 kB
Progress (3): 0.1/2.9 MB | 122/172 kB | 20/118 kB
Progress (3): 0.1/2.9 MB | 122/172 kB | 21/118 kB
Progress (3): 0.1/2.9 MB | 122/172 kB | 23/118 kB
Progress (3): 0.1/2.9 MB | 122/172 kB | 24/118 kB
Progress (3): 0.1/2.9 MB | 122/172 kB | 24/118 kB
Progress (3): 0.1/2.9 MB | 122/172 kB | 26/118 kB
Progress (4): 0.1/2.9 MB | 122/172 kB | 26/118 kB | 0.9/8.2 kB
Progress (4): 0.1/2.9 MB | 122/172 kB | 27/118 kB | 0.9/8.2 kB
Progress (4): 0.1/2.9 MB | 122/172 kB | 27/118 kB | 0.9/8.2 kB
Progress (4): 0.1/2.9 MB | 122/172 kB | 27/118 kB | 2.3/8.2 kB
Progress (4): 0.1/2.9 MB | 122/172 kB | 28/118 kB | 2.3/8.2 kB
Progress (4): 0.1/2.9 MB | 122/172 kB | 28/118 kB | 3.6/8.2 kB
Progress (4): 0.1/2.9 MB | 122/172 kB | 30/118 kB | 3.6/8.2 kB
Progress (4): 0.1/2.9 MB | 122/172 kB | 30/118 kB | 5.0/8.2 kB
Progress (4): 0.1/2.9 MB | 122/172 kB | 30/118 kB | 5.0/8.2 kB
Progress (4): 0.1/2.9 MB | 122/172 kB | 31/118 kB | 5.0/8.2 kB
Progress (4): 0.1/2.9 MB | 122/172 kB | 31/118 kB | 6.4/8.2 kB
Progress (4): 0.1/2.9 MB | 122/172 kB | 32/118 kB | 6.4/8.2 kB
Progress (4): 0.1/2.9 MB | 122/172 kB | 32/118 kB | 7.7/8.2 kB
Progress (4): 0.1/2.9 MB | 122/172 kB | 32/118 kB | 7.7/8.2 kB
Progress (4): 0.1/2.9 MB | 122/172 kB | 34/118 kB | 7.7/8.2 kB
Progress (4): 0.1/2.9 MB | 122/172 kB | 34/118 kB | 8.2 kB    
Progress (4): 0.1/2.9 MB | 122/172 kB | 35/118 kB | 8.2 kB
Progress (4): 0.1/2.9 MB | 122/172 kB | 35/118 kB | 8.2 kB
Progress (4): 0.1/2.9 MB | 122/172 kB | 36/118 kB | 8.2 kB
Progress (4): 0.1/2.9 MB | 122/172 kB | 38/118 kB | 8.2 kB
Progress (4): 0.1/2.9 MB | 122/172 kB | 39/118 kB | 8.2 kB
Progress (4): 0.2/2.9 MB | 122/172 kB | 39/118 kB | 8.2 kB
Progress (4): 0.2/2.9 MB | 122/172 kB | 41/118 kB | 8.2 kB
Progress (4): 0.2/2.9 MB | 122/172 kB | 41/118 kB | 8.2 kB
Progress (4): 0.2/2.9 MB | 122/172 kB | 45/118 kB | 8.2 kB
Progress (4): 0.2/2.9 MB | 122/172 kB | 49/118 kB | 8.2 kB
Progress (4): 0.2/2.9 MB | 122/172 kB | 53/118 kB | 8.2 kB
Progress (4): 0.2/2.9 MB | 122/172 kB | 58/118 kB | 8.2 kB
Progress (4): 0.2/2.9 MB | 122/172 kB | 62/118 kB | 8.2 kB
                                                          
Downloaded from central: https://repo.maven.apache.org/maven2/org/apache/maven/surefire/surefire-extensions-spi/3.5.3/surefire-extensions-spi-3.5.3.jar (8.2 kB at 11 kB/s)
Downloading from central: https://repo.maven.apache.org/maven2/org/apache/maven/resolver/maven-resolver-api/1.4.1/maven-resolver-api-1.4.1.jar
Progress (3): 0.2/2.9 MB | 122/172 kB | 62/118 kB
Progress (3): 0.2/2.9 MB | 122/172 kB | 62/118 kB
Progress (3): 0.2/2.9 MB | 122/172 kB | 62/118 kB
Progress (3): 0.2/2.9 MB | 122/172 kB | 62/118 kB
Progress (3): 0.2/2.9 MB | 122/172 kB | 62/118 kB
Progress (3): 0.2/2.9 MB | 122/172 kB | 62/118 kB
Progress (3): 0.2/2.9 MB | 122/172 kB | 62/118 kB
Progress (3): 0.2/2.9 MB | 122/172 kB | 62/118 kB
Progress (3): 0.2/2.9 MB | 122/172 kB | 62/118 kB
Progress (3): 0.2/2.9 MB | 122/172 kB | 62/118 kB
Progress (3): 0.2/2.9 MB | 122/172 kB | 62/118 kB
Progress (3): 0.2/2.9 MB | 122/172 kB | 62/118 kB
Progress (3): 0.2/2.9 MB | 122/172 kB | 62/118 kB
Progress (3): 0.2/2.9 MB | 127/172 kB | 62/118 kB
Progress (3): 0.2/2.9 MB | 131/172 kB | 62/118 kB
Progress (3): 0.2/2.9 MB | 135/172 kB | 62/118 kB
Progress (3): 0.2/2.9 MB | 139/172 kB | 62/118 kB
Progress (3): 0.2/2.9 MB | 143/172 kB | 62/118 kB
Progress (3): 0.2/2.9 MB | 148/172 kB | 62/118 kB
Progress (3): 0.2/2.9 MB | 152/172 kB | 62/118 kB
Progress (3): 0.2/2.9 MB | 156/172 kB | 62/118 kB
Progress (3): 0.2/2.9 MB | 160/172 kB | 62/118 kB
Progress (3): 0.2/2.9 MB | 165/172 kB | 62/118 kB
Progress (3): 0.2/2.9 MB | 169/172 kB | 62/118 kB
Progress (3): 0.2/2.9 MB | 172 kB | 62/118 kB    
Progress (4): 0.2/2.9 MB | 172 kB | 62/118 kB | 7.7/168 kB
Progress (4): 0.2/2.9 MB | 172 kB | 62/118 kB | 16/168 kB 
Progress (4): 0.2/2.9 MB | 172 kB | 62/118 kB | 25/168 kB
Progress (4): 0.2/2.9 MB | 172 kB | 62/118 kB | 41/168 kB
Progress (4): 0.2/2.9 MB | 172 kB | 62/118 kB | 57/168 kB
Progress (4): 0.2/2.9 MB | 172 kB | 62/118 kB | 74/168 kB
Progress (4): 0.2/2.9 MB | 172 kB | 62/118 kB | 90/168 kB
Progress (4): 0.2/2.9 MB | 172 kB | 62/118 kB | 106/168 kB
                                                          
Downloaded from central: https://repo.maven.apache.org/maven2/org/apache/maven/surefire/surefire-api/3.5.3/surefire-api-3.5.3.jar (172 kB at 217 kB/s)
Progress (3): 0.2/2.9 MB | 62/118 kB | 123/168 kB
                                                 
Downloading from central: https://repo.maven.apache.org/maven2/org/apache/maven/shared/maven-common-artifact-filters/3.4.0/maven-common-artifact-filters-3.4.0.jar
Progress (3): 0.2/2.9 MB | 62/118 kB | 139/168 kB
Progress (3): 0.2/2.9 MB | 65/118 kB | 139/168 kB
Progress (3): 0.2/2.9 MB | 65/118 kB | 156/168 kB
Progress (3): 0.2/2.9 MB | 69/118 kB | 156/168 kB
Progress (3): 0.2/2.9 MB | 73/118 kB | 156/168 kB
Progress (3): 0.2/2.9 MB | 73/118 kB | 168 kB    
Progress (3): 0.2/2.9 MB | 77/118 kB | 168 kB
Progress (3): 0.2/2.9 MB | 82/118 kB | 168 kB
Progress (3): 0.2/2.9 MB | 86/118 kB | 168 kB
Progress (3): 0.2/2.9 MB | 90/118 kB | 168 kB
Progress (3): 0.2/2.9 MB | 94/118 kB | 168 kB
Progress (3): 0.2/2.9 MB | 99/118 kB | 168 kB
Progress (3): 0.2/2.9 MB | 103/118 kB | 168 kB
Progress (3): 0.2/2.9 MB | 107/118 kB | 168 kB
Progress (3): 0.2/2.9 MB | 111/118 kB | 168 kB
Progress (3): 0.2/2.9 MB | 116/118 kB | 168 kB
Progress (3): 0.2/2.9 MB | 118 kB | 168 kB    
Progress (4): 0.2/2.9 MB | 118 kB | 168 kB | 0.9/149 kB
Progress (4): 0.2/2.9 MB | 118 kB | 168 kB | 2.3/149 kB
Progress (4): 0.2/2.9 MB | 118 kB | 168 kB | 3.6/149 kB
Progress (4): 0.2/2.9 MB | 118 kB | 168 kB | 5.0/149 kB
Progress (4): 0.2/2.9 MB | 118 kB | 168 kB | 6.4/149 kB
Progress (4): 0.2/2.9 MB | 118 kB | 168 kB | 7.7/149 kB
Progress (4): 0.2/2.9 MB | 118 kB | 168 kB | 9.1/149 kB
Progress (4): 0.2/2.9 MB | 118 kB | 168 kB | 10/149 kB 
Progress (4): 0.2/2.9 MB | 118 kB | 168 kB | 12/149 kB
Progress (4): 0.2/2.9 MB | 118 kB | 168 kB | 13/149 kB
Progress (4): 0.2/2.9 MB | 118 kB | 168 kB | 15/149 kB
Progress (4): 0.2/2.9 MB | 118 kB | 168 kB | 16/149 kB
Progress (4): 0.2/2.9 MB | 118 kB | 168 kB | 17/149 kB
Progress (4): 0.2/2.9 MB | 118 kB | 168 kB | 19/149 kB
Progress (4): 0.2/2.9 MB | 118 kB | 168 kB | 23/149 kB
Progress (4): 0.2/2.9 MB | 118 kB | 168 kB | 25/149 kB
Progress (4): 0.2/2.9 MB | 118 kB | 168 kB | 29/149 kB
Progress (4): 0.2/2.9 MB | 118 kB | 168 kB | 33/149 kB
                                                      
Downloaded from central: https://repo.maven.apache.org/maven2/org/apache/maven/resolver/maven-resolver-util/1.4.1/maven-resolver-util-1.4.1.jar (168 kB at 207 kB/s)
Downloaded from central: https://repo.maven.apache.org/maven2/org/apache/maven/surefire/surefire-booter/3.5.3/surefire-booter-3.5.3.jar (118 kB at 145 kB/s)
Progress (2): 0.2/2.9 MB | 37/149 kB
Progress (2): 0.2/2.9 MB | 41/149 kB
Progress (2): 0.2/2.9 MB | 46/149 kB
Progress (2): 0.2/2.9 MB | 46/149 kB
Progress (2): 0.2/2.9 MB | 50/149 kB
Progress (2): 0.2/2.9 MB | 54/149 kB
Progress (2): 0.2/2.9 MB | 54/149 kB
Progress (2): 0.2/2.9 MB | 54/149 kB
Progress (2): 0.2/2.9 MB | 58/149 kB
Progress (2): 0.2/2.9 MB | 58/149 kB
Progress (2): 0.3/2.9 MB | 58/149 kB
Progress (2): 0.3/2.9 MB | 63/149 kB
Progress (2): 0.3/2.9 MB | 63/149 kB
Progress (2): 0.3/2.9 MB | 67/149 kB
Progress (2): 0.3/2.9 MB | 71/149 kB
Progress (2): 0.3/2.9 MB | 71/149 kB
Progress (2): 0.3/2.9 MB | 71/149 kB
Progress (2): 0.3/2.9 MB | 75/149 kB
Progress (2): 0.3/2.9 MB | 80/149 kB
Progress (2): 0.3/2.9 MB | 84/149 kB
Progress (3): 0.3/2.9 MB | 84/149 kB | 3.4/58 kB
Progress (3): 0.3/2.9 MB | 88/149 kB | 3.4/58 kB
Progress (3): 0.3/2.9 MB | 88/149 kB | 7.6/58 kB
Progress (3): 0.3/2.9 MB | 92/149 kB | 7.6/58 kB
Progress (3): 0.3/2.9 MB | 96/149 kB | 7.6/58 kB
Progress (3): 0.3/2.9 MB | 101/149 kB | 7.6/58 kB
Progress (3): 0.3/2.9 MB | 105/149 kB | 7.6/58 kB
Progress (3): 0.3/2.9 MB | 109/149 kB | 7.6/58 kB
Progress (3): 0.3/2.9 MB | 113/149 kB | 7.6/58 kB
Progress (3): 0.3/2.9 MB | 113/149 kB | 12/58 kB 
Progress (3): 0.3/2.9 MB | 118/149 kB | 12/58 kB
Progress (3): 0.3/2.9 MB | 122/149 kB | 12/58 kB
Progress (3): 0.3/2.9 MB | 126/149 kB | 12/58 kB
Progress (3): 0.3/2.9 MB | 126/149 kB | 16/58 kB
Progress (3): 0.3/2.9 MB | 126/149 kB | 20/58 kB
Progress (3): 0.3/2.9 MB | 126/149 kB | 20/58 kB
Progress (3): 0.3/2.9 MB | 126/149 kB | 25/58 kB
Progress (3): 0.3/2.9 MB | 126/149 kB | 29/58 kB
Progress (3): 0.3/2.9 MB | 126/149 kB | 33/58 kB
Progress (3): 0.3/2.9 MB | 126/149 kB | 37/58 kB
Progress (3): 0.3/2.9 MB | 126/149 kB | 37/58 kB
Progress (3): 0.3/2.9 MB | 126/149 kB | 41/58 kB
Progress (3): 0.3/2.9 MB | 126/149 kB | 46/58 kB
Progress (3): 0.3/2.9 MB | 126/149 kB | 50/58 kB
Progress (3): 0.3/2.9 MB | 126/149 kB | 58 kB   
Progress (3): 0.3/2.9 MB | 126/149 kB | 58 kB
Progress (3): 0.4/2.9 MB | 126/149 kB | 58 kB
Progress (3): 0.4/2.9 MB | 126/149 kB | 58 kB
Progress (3): 0.4/2.9 MB | 130/149 kB | 58 kB
Progress (3): 0.4/2.9 MB | 135/149 kB | 58 kB
Progress (3): 0.4/2.9 MB | 135/149 kB | 58 kB
Progress (3): 0.4/2.9 MB | 139/149 kB | 58 kB
Progress (3): 0.4/2.9 MB | 143/149 kB | 58 kB
                                             
Downloaded from central: https://repo.maven.apache.org/maven2/org/apache/maven/shared/maven-common-artifact-filters/3.4.0/maven-common-artifact-filters-3.4.0.jar (58 kB at 54 kB/s)
Progress (2): 0.4/2.9 MB | 147/149 kB
Progress (2): 0.4/2.9 MB | 149 kB    
                                 
Downloaded from central: https://repo.maven.apache.org/maven2/org/apache/maven/resolver/maven-resolver-api/1.4.1/maven-resolver-api-1.4.1.jar (149 kB at 137 kB/s)
Progress (1): 0.4/2.9 MB
Progress (1): 0.4/2.9 MB
Progress (1): 0.4/2.9 MB
Progress (1): 0.5/2.9 MB
Progress (1): 0.5/2.9 MB
Progress (1): 0.5/2.9 MB
Progress (1): 0.5/2.9 MB
Progress (1): 0.5/2.9 MB
Progress (1): 0.5/2.9 MB
Progress (1): 0.5/2.9 MB
Progress (1): 0.6/2.9 MB
Progress (1): 0.6/2.9 MB
Progress (1): 0.6/2.9 MB
Progress (1): 0.6/2.9 MB
Progress (1): 0.6/2.9 MB
Progress (1): 0.6/2.9 MB
Progress (1): 0.7/2.9 MB
Progress (1): 0.7/2.9 MB
Progress (1): 0.7/2.9 MB
Progress (1): 0.7/2.9 MB
Progress (1): 0.7/2.9 MB
Progress (1): 0.7/2.9 MB
Progress (1): 0.8/2.9 MB
Progress (1): 0.8/2.9 MB
Progress (1): 0.8/2.9 MB
Progress (1): 0.8/2.9 MB
Progress (1): 0.8/2.9 MB
Progress (1): 0.8/2.9 MB
Progress (1): 0.9/2.9 MB
Progress (1): 0.9/2.9 MB
Progress (1): 0.9/2.9 MB
Progress (1): 0.9/2.9 MB
Progress (1): 0.9/2.9 MB
Progress (1): 0.9/2.9 MB
Progress (1): 1.0/2.9 MB
Progress (1): 1.0/2.9 MB
Progress (1): 1.0/2.9 MB
Progress (1): 1.0/2.9 MB
Progress (1): 1.0/2.9 MB
Progress (1): 1.0/2.9 MB
Progress (1): 1.1/2.9 MB
Progress (1): 1.1/2.9 MB
Progress (1): 1.1/2.9 MB
Progress (1): 1.1/2.9 MB
Progress (1): 1.1/2.9 MB
Progress (1): 1.1/2.9 MB
Progress (1): 1.2/2.9 MB
Progress (1): 1.2/2.9 MB
Progress (1): 1.2/2.9 MB
Progress (1): 1.2/2.9 MB
Progress (1): 1.2/2.9 MB
Progress (1): 1.2/2.9 MB
Progress (1): 1.2/2.9 MB
Progress (1): 1.3/2.9 MB
Progress (1): 1.3/2.9 MB
Progress (1): 1.3/2.9 MB
Progress (1): 1.3/2.9 MB
Progress (1): 1.3/2.9 MB
Progress (1): 1.3/2.9 MB
Progress (1): 1.4/2.9 MB
Progress (1): 1.4/2.9 MB
Progress (1): 1.4/2.9 MB
Progress (1): 1.4/2.9 MB
Progress (1): 1.4/2.9 MB
Progress (1): 1.4/2.9 MB
Progress (1): 1.5/2.9 MB
Progress (1): 1.5/2.9 MB
Progress (1): 1.5/2.9 MB
Progress (1): 1.5/2.9 MB
Progress (1): 1.5/2.9 MB
Progress (1): 1.5/2.9 MB
Progress (1): 1.6/2.9 MB
Progress (1): 1.6/2.9 MB
Progress (1): 1.6/2.9 MB
Progress (1): 1.6/2.9 MB
Progress (1): 1.6/2.9 MB
Progress (1): 1.6/2.9 MB
Progress (1): 1.7/2.9 MB
Progress (1): 1.7/2.9 MB
Progress (1): 1.7/2.9 MB
Progress (1): 1.7/2.9 MB
Progress (1): 1.7/2.9 MB
Progress (1): 1.7/2.9 MB
Progress (1): 1.8/2.9 MB
Progress (1): 1.8/2.9 MB
Progress (1): 1.8/2.9 MB
Progress (1): 1.8/2.9 MB
Progress (1): 1.8/2.9 MB
Progress (1): 1.8/2.9 MB
Progress (1): 1.9/2.9 MB
Progress (1): 1.9/2.9 MB
Progress (1): 1.9/2.9 MB
Progress (1): 1.9/2.9 MB
Progress (1): 1.9/2.9 MB
Progress (1): 1.9/2.9 MB
Progress (1): 2.0/2.9 MB
Progress (1): 2.0/2.9 MB
Progress (1): 2.0/2.9 MB
Progress (1): 2.0/2.9 MB
Progress (1): 2.0/2.9 MB
Progress (1): 2.0/2.9 MB
Progress (1): 2.1/2.9 MB
Progress (1): 2.1/2.9 MB
Progress (1): 2.1/2.9 MB
Progress (1): 2.1/2.9 MB
Progress (1): 2.1/2.9 MB
Progress (1): 2.1/2.9 MB
Progress (1): 2.2/2.9 MB
Progress (1): 2.2/2.9 MB
Progress (1): 2.2/2.9 MB
Progress (1): 2.2/2.9 MB
Progress (1): 2.2/2.9 MB
Progress (1): 2.2/2.9 MB
Progress (1): 2.2/2.9 MB
Progress (1): 2.3/2.9 MB
Progress (1): 2.3/2.9 MB
Progress (1): 2.3/2.9 MB
Progress (1): 2.3/2.9 MB
Progress (1): 2.3/2.9 MB
Progress (1): 2.3/2.9 MB
Progress (1): 2.4/2.9 MB
Progress (1): 2.4/2.9 MB
Progress (1): 2.4/2.9 MB
Progress (1): 2.4/2.9 MB
Progress (1): 2.4/2.9 MB
Progress (1): 2.4/2.9 MB
Progress (1): 2.5/2.9 MB
Progress (1): 2.5/2.9 MB
Progress (1): 2.5/2.9 MB
Progress (1): 2.5/2.9 MB
Progress (1): 2.5/2.9 MB
Progress (1): 2.5/2.9 MB
Progress (1): 2.6/2.9 MB
Progress (1): 2.6/2.9 MB
Progress (1): 2.6/2.9 MB
Progress (1): 2.6/2.9 MB
Progress (1): 2.6/2.9 MB
Progress (1): 2.6/2.9 MB
Progress (1): 2.7/2.9 MB
Progress (1): 2.7/2.9 MB
Progress (1): 2.7/2.9 MB
Progress (1): 2.7/2.9 MB
Progress (1): 2.7/2.9 MB
Progress (1): 2.7/2.9 MB
Progress (1): 2.8/2.9 MB
Progress (1): 2.8/2.9 MB
Progress (1): 2.8/2.9 MB
Progress (1): 2.8/2.9 MB
Progress (1): 2.8/2.9 MB
Progress (1): 2.8/2.9 MB
Progress (1): 2.9 MB    
                    
Downloaded from central: https://repo.maven.apache.org/maven2/org/apache/maven/surefire/surefire-shared-utils/3.5.3/surefire-shared-utils-3.5.3.jar (2.9 MB at 591 kB/s)
[INFO] ------------------------------------------------------------------------
[INFO] BUILD SUCCESS
[INFO] ------------------------------------------------------------------------
[INFO] Total time:  19.206 s
[INFO] Finished at: 2026-03-20T10:37:27+07:00
[INFO] ------------------------------------------------------------------------
